
[INFO] case-1
[INFO] time: 2.510000 sec
[INFO] memory: 2.648 MB
[INFO] naive exit code: 124
[INFO] input:
4556734
19449965
37328829 178359966
48163840
51456924
52168310 250962685
76728257
76914825
76967329
91565221 890790082
104902115 221682852
109076458 375852935
119471693
132504164 344383092
139812414
140566736 210626725
148383117 638288891
169857108
171938415
191835659 902094300
... (70 lines) ...
874893025 26178416
943116662 560603101
943882033
944820378 968217385
960274652 541387394
961410169
965379537
971739888 741016133
995377631 531122902
999134064
[INFO] output:
-1
-1
-1
-1
-1
-1
-1
-1
-1
-1
-1
-1
-1
-1
-1
-1
-1
-1
-1
-1
... (4325942 lines) ...
-1
-1
-1
-1
-1
-1
-1
-1
-1
-1
[35m[NAIVE_RE][0m

[INFO] case-10
[INFO] time: 2.509000 sec
[INFO] memory: 2.852 MB
[INFO] naive exit code: 124
[INFO] input:
1851219
13946934
17769104 921325684
23115517 72152517
30334319 149619384
40879478 434296701
41083957
63427322
65728430 404898334
72303060
82964416
94645383 417927740
105554161
107495293
113072036
130978525 293319322
132893779 113680127
148994792
168633654 576730830
179591166 752724121
... (70 lines) ...
876717408
877564945 509912379
882711492 751588075
920343305
930240132
933867848 739237481
936683550
971226711
981017775
983332612
[INFO] output:
-1
-1
-1
-1
-1
-1
-1
-1
-1
-1
-1
-1
-1
-1
-1
-1
-1
-1
-1
-1
... (1851189 lines) ...
-1
-1
-1
-1
-1
-1
-1
-1
-1
-1
[35m[NAIVE_RE][0m

[INFO] case-2
[INFO] time: 2.514000 sec
[INFO] memory: 2.586 MB
[INFO] naive exit code: 124
[INFO] input:
23596367
36817522
42170867
43642235 701775010
45934765
62980153 912697694
68807509 724659572
92231103 973733051
94674425 865047487
111279876
115057570
135241657
137072382
140719107
161562464 360386549
163503729
174037271
175331682
190641823
212023242
... (70 lines) ...
885790893
915525490 675025698
919486383
945038545
952410665
953232461
967754057 800517331
976619749 319404812
976996812 175859921
998565341
[INFO] output:
-1
-1
-1
-1
-1
-1
-1
-1
-1
-1
-1
-1
-1
-1
-1
-1
-1
-1
-1
-1
... (1475476 lines) ...
-1
-1
-1
-1
-1
-1
-1
-1
-1
-1
[35m[NAIVE_RE][0m

[INFO] case-3
[INFO] time: 2.517000 sec
[INFO] memory: 2.730 MB
[INFO] naive exit code: 124
[INFO] input:
14629330 594216873
19084533
34282857
37626559 407206843
38920054 297088024
39041315
62049231 676798762
78017098 438873508
82164265 65606919
91567909
108974800
113884137 414255878
117190989
119306394
120502635
149126756
155162249
185175476
185822661 608191135
192429049 91627460
... (70 lines) ...
923337837
926543007 362070556
928527260
932749704
940029734
969446614 343945907
974333370 489172854
980148858
982311966 958002331
988895696 737538610
[INFO] output:
-1
-1
-1
-1
-1
-1
-1
-1
-1
-1
-1
-1
-1
-1
-1
-1
-1
-1
-1
-1
... (897950 lines) ...
-1
-1
-1
-1
-1
-1
-1
-1
-1
-1
[35m[NAIVE_RE][0m

[INFO] case-4
[INFO] time: 2.513000 sec
[INFO] memory: 2.652 MB
[INFO] naive exit code: 124
[INFO] input:
19449540 705901535
40816693
60210732 303754964
69684866
76327659 521633135
76711642
87155219 577842310
91120101
91641580 60891675
102921275
120492298
129262274
138667562
165660655
169043403
205069249 858932405
206853489
209596084 295251033
215807531
222220013 522267255
... (70 lines) ...
883238170 794893095
885352222
895312781
904016004 828522558
937274734
939337263 144556442
961110825 373380094
979364868 731344899
979833726
983326632 835039138
[INFO] output:
-1
-1
-1
-1
-1
-1
-1
-1
-1
-1
-1
-1
-1
-1
-1
-1
-1
-1
-1
-1
... (1530215 lines) ...
-1
-1
-1
-1
-1
-1
-1
-1
-1
-1
[35m[NAIVE_RE][0m

[INFO] case-5
[INFO] time: 2.511000 sec
[INFO] memory: 2.609 MB
[INFO] naive exit code: 124
[INFO] input:
8858591
11941793
17901252
27219593
35618298 811804333
41082482 982371875
51876784 607027920
67979640 424841600
81021743
96387975 815748385
109557158
132007487
136182132 994284826
141431019 771199580
146934245 46986460
147893055 979751987
187230184 128888128
189523758 503268378
192138420
194648913
... (70 lines) ...
909522855 588619870
911548410 179426205
936027842
937893223 175679426
941117058
942029562 695483762
945510811 227892150
973521066 929567285
979515331 222487213
992312675
[INFO] output:
-1
-1
-1
-1
-1
-1
-1
-1
-1
-1
-1
-1
-1
-1
-1
-1
-1
-1
-1
-1
... (1832739 lines) ...
-1
-1
-1
-1
-1
-1
-1
-1
-1
-1
[35m[NAIVE_RE][0m

[INFO] case-6
[INFO] time: 2.509000 sec
[INFO] memory: 2.609 MB
[INFO] naive exit code: 124
[INFO] input:
12533214
52341195
55939486 870707525
72937525 325061983
75369652 173614202
114296974
123009720
159296664
163869844
172598176 939242677
173031791 307476023
174113841 665715469
180122616 353201834
190569300 410265410
194917554 286992168
194970277
199559443 581618110
232614716 746671489
235130507 312499718
238805484 414172914
... (70 lines) ...
876161963 36514864
888208319 280593675
901921171
932714498
936482660
941366362
945285206 585507819
954907254 723748364
972115161
984470496 80118748
[INFO] output:
-1
-1
-1
-1
-1
-1
-1
-1
-1
-1
-1
-1
-1
-1
-1
-1
-1
-1
-1
-1
... (1923649 lines) ...
-1
-1
-1
-1
-1
-1
-1
-1
-1
-1
[35m[NAIVE_RE][0m

[INFO] case-7
[INFO] time: 2.507000 sec
[INFO] memory: 2.730 MB
[INFO] naive exit code: 124
[INFO] input:
17159849 858730567
21485390 53513946
23843413
23996018
31870673 968080752
41570924 371875363
47698201 705848046
48080264
90691007 326725440
94238723 173990839
102370613
106607535 939652221
108156078
115196600
115779308 907786918
126805569
138326053
165541024 829567121
170154107
172989472 561042921
... (70 lines) ...
925443101 943544211
931020641 392698339
933166694
942327909 849774205
954710073 875487029
968663568 819790017
989861051 566537083
993042177 288686235
994347824 26036801
998547407
[INFO] output:
-1
-1
-1
-1
-1
-1
-1
-1
-1
-1
-1
-1
-1
-1
-1
-1
-1
-1
-1
-1
... (3262773 lines) ...
-1
-1
-1
-1
-1
-1
-1
-1
-1
-1
[35m[NAIVE_RE][0m

[INFO] case-8
[INFO] time: 0.217000 sec
[INFO] memory: 2.984 MB
[INFO] input:
276466 581308989
36562322
44595500
70977509
85029373
125638154 209940453
130237696 256482830
132240714
139487355
155567886 831871680
163227363 647185399
164572011
167872815 241038625
175364637
198566911
205070032
235618842 230078650
245754351
249031569 893501258
250691481
... (70 lines) ...
936236453
939050020
943058177 641497947
946114210
966042645
967804871
977959351 924195336
985979342 36358578
997232618 124387468
999186107
[INFO] output:
-1
-1
-1
-1
-1
-1
-1
-1
-1
-1
-1
-1
-1
-1
-1
-1
-1
-1
-1
-1
... (276436 lines) ...
-1
-1
-1
-1
-1
-1
-1
-1
-1
-1
[INFO] expected:
-1
-1
-1
-1
-1
-1
-1
-1
-1
-1
-1
-1
-1
-1
-1
-1
-1
-1
-1
-1
... (276436 lines) ...
-1
-1
-1
-1
-1
-1
-1
-1
-1
-1
[32m[AC][0m

[INFO] case-9
[INFO] time: 2.509000 sec
[INFO] memory: 2.758 MB
[INFO] naive exit code: 124
[INFO] input:
16898646
22233881
44148312
46928644 300077375
47397712 632698657
93305887 453024972
94974489 71313845
99550653
102130176
108898400
114000020
115704102 811691664
116955136
122014822 665088897
122907125 735798326
135510949 838624568
136531899
157428053
163452420 434043188
163509590
... (70 lines) ...
880929770 298896418
891405384 596992629
899935146
902714928
924321088
929703509 198943402
930025110
943149595
972772614 532565469
992707809
[INFO] output:
-1
-1
-1
-1
-1
-1
-1
-1
-1
-1
-1
-1
-1
-1
-1
-1
-1
-1
-1
-1
... (3361317 lines) ...
-1
-1
-1
-1
-1
-1
-1
-1
-1
-1
[35m[NAIVE_RE][0m
